// Jest Snapshot v1, https://goo.gl/fbAQLP

exports[`Connected Tool screen content component Should render succesfully the connected component 1`] = `
ShallowWrapper {
  Symbol(enzyme.__root__): [Circular],
  Symbol(enzyme.__unrendered__): <Connect(ToolButton)
    step={
      Object {
        "icon": Object {
          "uri": "https://images.ctfassets.net/6h184bey8vl3/Rknt0PorAIG4uoMQAg4KM/d697d93618b298ce10d1606c7d3f573a/TimeBug-Icons-_Step-1_.svg",
        },
        "number": 1,
      }
    }
    stepColors={
      Object {
        "PHASE1COMPLETE": "#4EADFF",
        "PHASE1INCOMPLETE": "#B8DEFF",
        "PHASE2COMPLETE": "#F89A1F",
        "PHASE2INCOMPLETE": "#FAB152",
        "PHASE3COMPLETE": "#20B89D",
        "PHASE3INCOMPLETE": "#20DE9D",
      }
    }
    tool={
      Object {
        "content": "Some content",
        "phase": "Some phase",
        "subtitle": "Some subtitle",
        "title": "Some title",
      }
    }
  />,
  Symbol(enzyme.__renderer__): Object {
    "batchedUpdates": [Function],
    "getNode": [Function],
    "render": [Function],
    "simulateError": [Function],
    "simulateEvent": [Function],
    "unmount": [Function],
  },
  Symbol(enzyme.__node__): Object {
    "instance": null,
    "key": undefined,
    "nodeType": "class",
    "props": Object {
      "containerBackgroundColor": undefined,
      "content": "Some content",
      "onPress": [Function],
      "phase": "Some phase",
      "source": "https://images.ctfassets.net/6h184bey8vl3/Rknt0PorAIG4uoMQAg4KM/d697d93618b298ce10d1606c7d3f573a/TimeBug-Icons-_Step-1_.svg",
      "subtitle": "Some subtitle",
      "textStyle": undefined,
      "title": "Some title",
      "tool": Object {
        "content": "Some content",
        "phase": "Some phase",
        "subtitle": "Some subtitle",
        "title": "Some title",
      },
    },
    "ref": null,
    "rendered": null,
    "type": [Function],
  },
  Symbol(enzyme.__nodes__): Array [
    Object {
      "instance": null,
      "key": undefined,
      "nodeType": "class",
      "props": Object {
        "containerBackgroundColor": undefined,
        "content": "Some content",
        "onPress": [Function],
        "phase": "Some phase",
        "source": "https://images.ctfassets.net/6h184bey8vl3/Rknt0PorAIG4uoMQAg4KM/d697d93618b298ce10d1606c7d3f573a/TimeBug-Icons-_Step-1_.svg",
        "subtitle": "Some subtitle",
        "textStyle": undefined,
        "title": "Some title",
        "tool": Object {
          "content": "Some content",
          "phase": "Some phase",
          "subtitle": "Some subtitle",
          "title": "Some title",
        },
      },
      "ref": null,
      "rendered": null,
      "type": [Function],
    },
  ],
  Symbol(enzyme.__options__): Object {
    "adapter": ReactSixteenAdapter {
      "options": Object {
        "enableComponentDidUpdateOnSetState": true,
        "lifecycles": Object {
          "componentDidUpdate": Object {
            "onSetState": true,
          },
          "getDerivedStateFromProps": true,
          "getSnapshotBeforeUpdate": true,
          "setState": Object {
            "skipsComponentDidUpdateOnNullish": true,
          },
        },
      },
    },
    "attachTo": undefined,
    "context": Object {
      "store": Object {
        "dispatch": [Function],
        "getAction": [Function],
        "getActions": [Function],
        "getState": [Function],
        "isActionDispatched": [Function],
        "isActionTypeDispatched": [Function],
        "subscribe": [Function],
      },
    },
    "hydrateIn": undefined,
  },
}
`;
